// Vitest Snapshot v1, https://vitest.dev/guide/snapshot.html

exports[`Golden Master — Eigen-Trip 16d/2P/omnivore > Einkaufsliste (Cairns + Bamaga) ist unverändert 1`] = `
"═══ BAMAGA ═══
  🧼 Camping essentials
    Drinking water refill — 4 × 12L (42L for remaining 7 days)
    Ice refill — 1–2 × 5kg bags
    Bin bags (extra) — 1 roll
    Paper towels (refill) — 2-pack
  🍓 Fresh fruit
    Apple cider vinegar — 2 tbsp + 2 tsp
    Apple juice — 200 ml
    Banana — 2
    Lemon juice — 11 tbsp
    Lime — 1
    Lime juice — 2.6 tbsp
    Mango chutney — 4 tbsp
  🥩 Fresh meat & plant proteins
    Bacon — 1 × 250g pack · ~160 g used
    Beef strips — 300 g
    Chicken breast — 840 g
    Firm tofu — 300 g
    Ground beef — 300 g
    Plant-based bacon strips — 10
    Pork ribs — 800 g
    Sausages — 4
    Thick bratwurst — 6
    Vegan schnitzel — 2
  🥬 Fresh vegetables & herbs
    Avocado — 6
    Capsicum — 1
    Carrot — 3.6
    Coriander leaves — as needed
    Cucumber — 2
    Garlic — 15.8 cloves
    Ginger — 3.2
    Lettuce — 3
    Mixed lettuce — 200 g
    Onion — 3.9
    Pak choi — 2
    Parsley — as needed
    Red capsicum — 2.6
    Red onion — 2
    Spinach — 60 g
    Spring onion — 4
    Sweet potato — 400 g
    Tomato — 3.5
    Tomato paste — 1 tbsp
    White cabbage — 360 g
═══ CAIRNS ═══
  🧼 Camping essentials
    Drinking water (jerry cans) — 5 × 12L jerry cans (54L for first 9 days)
    Electrolyte sachets — 32 sachets (1/person/day)
    Ice for cooler — 2 × 5kg bags
    Ziploc bags large (1L) — 1 box (20+)
    Ziploc bags small (250ml) — 1 box
    Aluminium foil — 1 large roll
    Cling film — 1 roll
    Paper towels — 3-pack
    Bin bags (heavy duty) — 1 roll
    Dishwashing liquid (eco) — 1 bottle
    Sponges / scourers — 2-pack
    Matches or lighter — 2 packs
    Cooking oil spray — 1 can
    Wet wipes / hand sanitizer — 1 large pack
    Toilet paper — 3-pack
  🍓 Fresh fruit
    Banana — 1
    Lemon juice — 6 tbsp
    Lemon wedges — as needed
    Lime zest — 0.5
    Mango — 1
  🍝 Pasta, rice & bread
    Baking powder — 2 tsp
    Crusty bread — 6 slices
    Flour — 1 × 1kg bag · ~350 g used
    Instant noodles — 4 packets
    Pasta — 3 × 500g pack · ~1.3 kg used
    Pita bread — 4
    Rice — 3 × 1kg bag · ~2.38 kg used
    Rice noodles — 300 g
    Sandwich bread — 24 slices
    Tortilla wraps — 18
  🐟 Protein — canned & shelf
    Anchovies — 3.5 fillets
    Tuna in oil — 4 cans
  📦 Other
    BBQ sauce — 14 tbsp
    Burger bun — 2
    Canned salmon — 2 cans
    Cherry tomatoes — 1.4 kg
    Greek yogurt — 200 g
    Hot sauce — as needed
    Mixed berries — 200 g
    Nori sheets — 2
    Pickles — 6 slices
    Potatoes — 1.6 kg
    Quinoa — 120 g
    Salsa — 2 tbsp
    Shredded coconut — 4 tbsp
    Spam — 240 g
  🥚 Dairy, eggs & plant milk
    Butter — 345 g
    Cheddar cheese — 520 g
    Cheese — 60 g
    Coconut milk — 7 cans · uses ~6.5 cans
    Eggs — 36
    Feta — 3 × 200g pack · ~520 g used
    Nuts / peanut butter — 60 g
    Oat milk — 200 ml
    Parmesan — 300 g
    Peanut butter — 1 tbsp
    UHT cream — 1 carton · uses ~0.5 cartons
    UHT milk — 2 cartons · uses ~1.1 cartons
    Vegan butter — 15 g
    Vegan cheese — 60 g
  🥣 Breakfast, snacks & sweet
    Brown sugar — 2.6 tsp + 4 tbsp
    Chia seeds — 6 tbsp
    Chips — 2 packets
    Chopped nuts — 60 g
    Chopped peanuts — 96 g
    Dried fruit — 100 g
    Honey — 140 ml
    Hummus — 120 g
    Maple syrup — 168 ml
    Muesli — 200 g
    Protein bar — 4
    Pumpkin seeds — 2 tbsp
    Rolled oats — 1 × 750g pack · ~200 g used
    Sesame seeds — 2 tsp
    Sugar — 1 tsp
  🥩 Fresh meat & plant proteins
    Beef ribeye steak — 600 g
    Beef stock cube — 1.6
    Canned chicken — 200 g
    Chicken breast — 360 g
    Ground beef — 780 g
    Lamb chops — 4
    Sausages — 8
    Thick bratwurst — 6
    Vegan sausages — 6
  🥫 Canned vegetables & legumes
    Baked beans — 2 cans
    Black beans — 1 can · uses ~0.5 cans
    Black olives — 24
    Cannellini beans — 300 g
    Capers — 4 tbsp
    Chickpeas — 3 cans · uses ~2.1 cans
    Corn — 1 can · uses ~0.8 cans
    Corn on the cob — 2
    Corn tortillas — 6
    Diced tomatoes — 7 cans · uses ~6.2 cans
    Kalamata olives — 160 g
    Kidney beans — 2 cans · uses ~1.6 cans
    Olives — 8
    Peas — 1 can · uses ~0.8 cans
  🥬 Fresh vegetables & herbs
    Avocado — 3
    Capsicum — 1
    Carrot — 2
    Cucumber — 4
    Garlic — 23.8 cloves
    Lettuce — 2
    Mixed lettuce — 200 g
    Onion — 6.6
    Parsley — as needed
    Red capsicum — 1
    Red onion — 0.8
    Spring onion — 4
    Sweet potato — 500 g
    Tomato — 8
    Tomato paste — 3.6 tbsp
    Tomato sauce — 2 tbsp
  🫙 Spices, oils & sauces
    Black pepper — as needed
    Chili flakes — 1 tsp
    Coconut oil — 5.2 tbsp
    Cumin — 5.7 tsp + 1 tbsp
    Curry powder — 4.1 tsp + 8.4 tbsp
    Dijon mustard — 2 tsp
    Fish sauce — 3.6 tbsp
    Mayo — 12 tbsp
    Mixed dried herbs — 6 tsp
    Mustard — 4 tsp
    Mustard / mayo — as needed
    Nutritional yeast — 2 tbsp
    Oil — 4.2 tbsp
    Olive oil — 54.6 tbsp
    Red wine vinegar — 4 tbsp
    Salt — 1 pinch
    Salt & pepper — as needed
    Sesame oil — 2 tsp
    Smoked paprika — 9.1 tsp + 2 tbsp
    Soy sauce — 2 tsp + 12.2 tbsp
    Vegan mayo — 4 tbsp
    Vegetable oil — 8 tbsp
    Worcestershire sauce — 1 tbsp"
`;

exports[`Golden Master — Eigen-Trip 16d/2P/omnivore > Menüplan ist unverändert 1`] = `
"Day  1  B: [pickup]  |  L: Greek chicken salad with feta and olives  |  D: Chili con carne with rice
Day  2  B: Shakshuka with crusty toast  |  L: Leftovers (from Day 1)  |  D: Red curry with ground beef
Day  3  B: Coconut chia pudding with mango and toasted coconut  |  L: Greek salad with pita  |  D: Bratwurst with potato wedges
Day  4  B: Quinoa breakfast bowl with berries and yogurt  |  L: Canned salmon rice bowl with lemon mayo  |  D: Sausages with baked beans
Day  5  B: Vegan sausages with baked beans on toast  |  L: Spam fried rice  |  D: Ribeye steak with garlic butter and crispy wedges
Day  6  B: Scrambled eggs with toast and tomatoes  |  L: Chicken-avocado wrap  |  D: Lamb chops with sweet potato mash
Day  7  B: Muesli with UHT milk and nuts  |  L: Hummus and veg wrap  |  D: Mac & cheese
Day  8  B: Pancakes with honey  |  L: Cheese-tomato sandwich  |  D: Tuna pasta with capers and olives
Day  9  B: Sausage and egg breakfast wrap  |  L: Greek chicken salad with feta and olives  |  D: Thai green curry with chicken  «BAMAGA resupply»
Day 10  B: Plant-based bacon and avocado breakfast wrap  |  L: Leftovers (from Day 9)  |  D: Pasta Bolognese
Day 11  B: Mexican egg and black bean skillet with corn tortillas  |  L: Mediterranean tuna and white bean salad  |  D: Bratwurst with potato wedges
Day 12  B: Sweet potato hash with eggs and avocado  |  L: Instant noodle soup with egg  |  D: BBQ pork ribs with corn on the cob and slaw
Day 13  B: Tofu scramble breakfast wrap  |  L: Vegan schnitzel sandwich with slaw  |  D: Spaghetti carbonara
Day 14  B: Avocado toast with tomato  |  L: Leftover wrap (curry, pasta, tacos)  |  D: Beef stir-fry with rice noodles
Day 15  B: Banana pancakes  |  L: Curried chickpea wrap  |  D: Chickpea curry with rice
Day 16  B: Porridge with honey and nuts  |  L: Leftovers (from Day 15)  |  D: [dropoff]"
`;

exports[`Golden Master — Eigen-Trip 16d/2P/omnivore > Trip-Kennzahlen sind unverändert (Tage, Personen, groupFactor, Cluster) 1`] = `
{
  "bamagaDay": 9,
  "days": 16,
  "groupFactor": 2,
  "meatAllowedDays": [
    1,
    2,
    3,
    4,
    5,
    6,
    9,
    10,
    11,
    12,
    13,
    14,
  ],
  "meatClusterDays": 6,
  "persons": 2,
}
`;

exports[`Golden Master — Eigen-Trip 16d/2P/omnivore > Warnungen sind unverändert 1`] = `[]`;
